1.0.1 (2021-01-01)
==================

Bug fix
-------
- some kind of bug fix
