
BREAKING CHANGE
---------------
- renamed MethodA to MethodB
