1.0.0 (2021-01-01)
==================

Feature
-------
- some kind of feature
