1.9.0 (2021-01-01)
==================

Feature
-------
- Feature with a closing issue
