ParsedData
1.0.1+e316c328d4fa6a65ddf77258b5ae4d37ec81df26
Bug fix: 
	fix: some kind of bugfix
