ParsedData
1.0.0+d7a36d4662c38500ea6af4a0a1ec0150b662354e
Feature: 
	feat: some kind of feature
