ParsedData
2.5.0-alpha.1.1+5bb6d3dddb3fbe19f93a61215b0298d78af6d723
Feature: 
	feat: some test commit
