ParsedData
1.3.3+993edae574bcb21bd4ebde03f6f6b4c48dd12509
