ParsedData
1.0.0-alpha.1.1+2f8614eb81a39c64fb5dcc8625a5412c67f31e17
Feature: 
	feat: test commit
