ParsedData
3.1.2-alpha.1.1+5abe7fc4711818b1946e68280d19caa403fc4506
Bug fix: 
	fix: correct code
