ParsedData
2.5.0-alpha.1.2+271f7b8211f15ec56bbcc26564b0d847ed9fae71
Features: 
	feat: awesomesouce
	feat: best new feature ever creted
