ParsedData
1.4.4-alpha.1.2+499201e69b59a5ac4c17a79eb9a43aa5583fccce
Features: 
	feat: awesome: tag commit
	feat: this is just a commit
