ParsedData
1.0.1+0c7da272142b85fb543491d4a539be9d1f120841
