ParsedData
1.3.0-alpha.1.1+f81beb6ca8b5b0f90d493e962894fd2c3e609b7c
Feature: 
	feat: some awesome feature
