ParsedData
1.3.3-beta.5.1+ff72ce2b0f63ad1b8164e81876d48a4067b92570
Bug fix: 
	fix: yup this happened
