ParsedData
1.3.5+cfa90192ac7ad37bf2f1ff672beb56be6773c80e
Feature: 
	feat: awesome
