ParsedData
1.0.0+4a7664d41c8b55d82199d17491b7377bb7d179d8
Feature: 
	feat: some kind of awesome new feature
