ParsedData
2.0.0-alpha.1.1+c095a101ac4e11d37bf3043d63af0c1cb7d351a7
BREAKING CHANGE: 
	feat: this is a major breaking change
