ParsedData
1.0.0-tag-suffix.1.1+7f35dcf2eeb6cce63366a4a6ad37409a48f60a8b
Bug fix: 
	fix: correct my code
