ParsedData
1.5.2+a5dac51d67625642fabccee09dd0c42c1857d167
Feature: 
	feat: some feature
